D:\Local Repositories NXP\rt1050_template\drivers/fsl_common_arm.h:210:20:_SDK_AtomicLocalClearAndSet4Byte	48	static
D:\Local Repositories NXP\rt1050_template\drivers/fsl_clock.h:1465:20:CLOCK_ControlGate	32	static
D:\Local Repositories NXP\rt1050_template\drivers/fsl_clock.h:1482:20:CLOCK_EnableClock	16	static
D:\Local Repositories NXP\rt1050_template\drivers/fsl_iomuxc.h:1092:20:IOMUXC_SetPinMux	24	static
D:\Local Repositories NXP\rt1050_template\drivers/fsl_iomuxc.h:1124:20:IOMUXC_SetPinConfig	24	static
../board/pin_mux.c:27:6:BOARD_InitBootPins	8	static
../board/pin_mux.c:66:6:BOARD_InitPins	16	static
