D:\Local Repositories NXP\rt1050_template\CMSIS/core_cm7.h:1911:22:__NVIC_EnableIRQ	16	static
../drivers/fsl_common_arm.h:210:20:_SDK_AtomicLocalClearAndSet4Byte	48	static
../drivers/fsl_clock.h:1465:20:CLOCK_ControlGate	32	static
../drivers/fsl_clock.h:1482:20:CLOCK_EnableClock	16	static
../drivers/fsl_clock.h:1492:20:CLOCK_DisableClock	16	static
../drivers/fsl_common_arm.h:499:24:EnableIRQ	24	static
../drivers/fsl_common_arm.h:579:24:DisableGlobalIRQ	16	static
../drivers/fsl_common_arm.h:606:20:EnableGlobalIRQ	24	static
../drivers/fsl_enet.h:919:20:ENET_Reset	16	static
../drivers/fsl_enet.h:962:20:ENET_GetSMI	16	static
../drivers/fsl_enet.h:1211:20:ENET_EnableSleepMode	16	static
../drivers/fsl_enet.h:1263:20:ENET_EnableInterrupts	16	static
../drivers/fsl_enet.c:174:10:ENET_GetInstance	24	static
../drivers/fsl_enet.c:206:6:ENET_GetDefaultConfig	16	static
../drivers/fsl_enet.c:257:10:ENET_Up	40	static
../drivers/fsl_enet.c:323:10:ENET_Init	40	static
../drivers/fsl_enet.c:354:6:ENET_Down	24	static
../drivers/fsl_enet.c:378:6:ENET_Deinit	16	static
../drivers/fsl_enet.c:396:6:ENET_SetCallback	24	static
../drivers/fsl_enet.c:422:6:ENET_SetRxISRHandler	24	static
../drivers/fsl_enet.c:430:6:ENET_SetTxISRHandler	24	static
../drivers/fsl_enet.c:439:6:ENET_SetErrISRHandler	24	static
../drivers/fsl_enet.c:465:13:ENET_SetHandler	40	static
../drivers/fsl_enet.c:522:13:ENET_SetMacController	64	static
../drivers/fsl_enet.c:785:13:ENET_SetTxBufferDescriptors	48	static
../drivers/fsl_enet.c:850:13:ENET_SetRxBufferDescriptors	48	static
../drivers/fsl_enet.c:945:17:ENET_RxBufferAllocAll	32	static
../drivers/fsl_enet.c:998:13:ENET_RxBufferFreeAll	48	static
../drivers/fsl_enet.c:1051:20:ENET_ActiveReadRing	16	static
../drivers/fsl_enet.c:1088:13:ENET_ActiveSendRing	24	static
../drivers/fsl_enet.c:1143:6:ENET_SetMII	24	static
../drivers/fsl_enet.c:1199:6:ENET_SetMacAddr	24	static
../drivers/fsl_enet.c:1219:6:ENET_GetMacAddr	24	static
../drivers/fsl_enet.c:1247:6:ENET_SetSMI	40	static
../drivers/fsl_enet.c:1278:6:ENET_StartSMIWrite	32	static
../drivers/fsl_enet.c:1298:6:ENET_StartSMIRead	32	static
../drivers/fsl_enet.c:1317:6:ENET_StartExtC45SMIWriteReg	32	static
../drivers/fsl_enet.c:1356:6:ENET_StartExtC45SMIWriteData	32	static
../drivers/fsl_enet.c:1395:6:ENET_StartExtC45SMIReadData	32	static
../drivers/fsl_enet.c:1409:17:ENET_IncreaseIndex	16	static
../drivers/fsl_enet.c:1422:20:ENET_TxDirtyRingAvailable	16	static
../drivers/fsl_enet.c:1446:6:ENET_GetRxErrBeforeReadFrame	40	static
../drivers/fsl_enet.c:1529:6:ENET_GetStatistics	16	static
../drivers/fsl_enet.c:1563:10:ENET_GetRxFrameSize	48	static
../drivers/fsl_enet.c:1680:10:ENET_ReadFrame	64	static
../drivers/fsl_enet.c:1789:13:ENET_UpdateReadBuffers	32	static
../drivers/fsl_enet.c:1830:10:ENET_SendFrame	72	static
../drivers/fsl_enet.c:2048:10:ENET_SetTxReclaim	32	static
../drivers/fsl_enet.c:2089:6:ENET_ReclaimTxDescriptor	64	static
../drivers/fsl_enet.c:2145:10:ENET_GetRxBuffer	40	static
../drivers/fsl_enet.c:2216:6:ENET_ReleaseRxBuffer	48	static
../drivers/fsl_enet.c:2314:24:ENET_GetRxFrameErr	32	static
../drivers/fsl_enet.c:2380:10:ENET_GetRxFrame	72	static
../drivers/fsl_enet.c:2630:10:ENET_StartTxFrame	80	static
../drivers/fsl_enet.c:2766:10:ENET_SendFrameZeroCopy	72	static
../drivers/fsl_enet.c:2953:6:ENET_AddMulticastGroup	40	static
../drivers/fsl_enet.c:3006:6:ENET_LeaveMulticastGroup	40	static
../drivers/fsl_enet.c:3409:6:ENET_TransmitIRQHandler	48	static
../drivers/fsl_enet.c:3469:6:ENET_ReceiveIRQHandler	40	static
../drivers/fsl_enet.c:3514:6:ENET_ErrorIRQHandler	40	static
../drivers/fsl_enet.c:3611:6:ENET_CommonFrame0IRQHandler	24	static
../drivers/fsl_enet.c:3713:6:ENET_Ptp1588IRQHandler	24	static
../drivers/fsl_enet.c:3742:6:ENET_TxIRQHandler	24	static
../drivers/fsl_enet.c:3754:6:ENET_RxIRQHandler	24	static
../drivers/fsl_enet.c:3765:6:ENET_ErrIRQHandler	24	static
../drivers/fsl_enet.c:3776:6:ENET_Transmit_DriverIRQHandler	8	static
../drivers/fsl_enet.c:3783:6:ENET_Receive_DriverIRQHandler	8	static
../drivers/fsl_enet.c:3790:6:ENET_Error_DriverIRQHandler	8	static
../drivers/fsl_enet.c:3798:6:ENET_DriverIRQHandler	8	static
../drivers/fsl_enet.c:3805:6:ENET_1588_Timer_DriverIRQHandler	8	static
